// Jest Snapshot v1, https://goo.gl/fbAQLP

exports[`<Icon /> renders correctly 1`] = `
<svg
  className="Icon"
  role="img"
>
  <use
    xlinkHref="#logo"
  />
</svg>
`;
