// Jest Snapshot v1, https://goo.gl/fbAQLP

exports[`<TextLink /> renders correctly 1`] = `
<div
  className="TextLink"
>
  <button
    className="TextLink__Link"
    type="button"
  >
    Label
  </button>
</div>
`;
